============================= test session starts =============================
platform win32 -- Python 3.11.9, pytest-9.0.2, pluggy-1.6.0 -- C:\Python311\python.exe
cachedir: .pytest_cache
rootdir: C:\open skills\Skill_Seekers
configfile: pyproject.toml
plugins: anyio-4.12.0
collecting ... collected 32 items

tests/test_install_skill.py::TestGetClaudeSkillsDir::test_env_override PASSED [  3%]
tests/test_install_skill.py::TestGetClaudeSkillsDir::test_env_override_with_tilde PASSED [  6%]
tests/test_install_skill.py::TestGetClaudeSkillsDir::test_linux_default PASSED [  9%]
tests/test_install_skill.py::TestGetClaudeSkillsDir::test_macos_default PASSED [ 12%]
tests/test_install_skill.py::TestGetClaudeSkillsDir::test_windows_default PASSED [ 15%]
tests/test_install_skill.py::TestValidateFlags::test_backup_only PASSED  [ 18%]
tests/test_install_skill.py::TestValidateFlags::test_neither_flag PASSED [ 21%]
tests/test_install_skill.py::TestValidateFlags::test_overwrite_and_backup_mutually_exclusive PASSED [ 25%]
tests/test_install_skill.py::TestValidateFlags::test_overwrite_only PASSED [ 28%]
tests/test_install_skill.py::TestInstallSkill::test_dry_run PASSED       [ 31%]
tests/test_install_skill.py::TestInstallSkill::test_install_backup PASSED [ 34%]
tests/test_install_skill.py::TestInstallSkill::test_install_conflict_default_fails PASSED [ 37%]
tests/test_install_skill.py::TestInstallSkill::test_install_from_directory PASSED [ 40%]
tests/test_install_skill.py::TestInstallSkill::test_install_from_zip PASSED [ 43%]
tests/test_install_skill.py::TestInstallSkill::test_install_nonexistent_source PASSED [ 46%]
tests/test_install_skill.py::TestInstallSkill::test_install_overwrite PASSED [ 50%]
tests/test_install_skill.py::TestInstallSkill::test_invalid_skill_no_skill_md PASSED [ 53%]
tests/test_install_skill.py::TestZipSecurity::test_absolute_path_rejected PASSED [ 56%]
tests/test_install_skill.py::TestZipSecurity::test_path_traversal_rejected PASSED [ 59%]
tests/test_install_skill.py::TestCreateBackup::test_backup_creates_timestamped_directory PASSED [ 62%]
tests/test_install_skill.py::TestInstallSkillCLI::test_cli_help PASSED   [ 65%]
tests/test_package_skill.py::TestPackageSkill::test_package_creates_correct_zip_structure PASSED [ 68%]
tests/test_package_skill.py::TestPackageSkill::test_package_creates_zip_in_correct_location PASSED [ 71%]
tests/test_package_skill.py::TestPackageSkill::test_package_directory_without_skill_md PASSED [ 75%]
tests/test_package_skill.py::TestPackageSkill::test_package_excludes_backup_files PASSED [ 78%]
tests/test_package_skill.py::TestPackageSkill::test_package_nonexistent_directory PASSED [ 81%]
tests/test_package_skill.py::TestPackageSkill::test_package_valid_skill_directory PASSED [ 84%]
tests/test_package_skill.py::TestPackageSkill::test_package_zip_name_matches_skill_name PASSED [ 87%]
tests/test_package_skill.py::TestPackageSkillCLI::test_cli_executes_without_errors PASSED [ 90%]
tests/test_package_skill.py::TestPackageSkillCLI::test_cli_help_output PASSED [ 93%]
tests/test_package_skill.py::TestPackageSkillCLI::test_cli_install_flag_in_help PASSED [ 96%]
tests/test_package_skill.py::TestPackageWithInstall::test_package_with_install_creates_zip_and_installs PASSED [100%]

============================= 32 passed in 1.60s ==============================
